// Jest Snapshot v1, https://goo.gl/fbAQLP

exports[`Home renders a heading 1`] = `
<div>
  <main
    class="c-iiZHMm"
  >
    <h1
      class="c-cyFBRX"
    >
      Hello, from Stitches.
    </h1>
    <p
      class="c-cyFBRX"
    >
      For full documentation, visit
       
      <a
        class="c-oLIPW"
        href="https://stitches.dev"
      >
        stitches.dev
      </a>
      .
    </p>
    <button
      class="c-PJLV"
    >
      Switch to 
      dark
    </button>
  </main>
</div>
`;
